###############################################################################
#
# IAR ELF Linker V8.20.2.14835/W32 for ARM                23/Apr/2019  20:06:51
# Copyright 2007-2017 IAR Systems AB.
#
#    Output file  =  
#        G:\SVNRepositors\Прошивка - Ретранслятор
#        сканкодов
#        клавиатуры\Исходники\Debug\Exe\KeyboardRepeater.out
#    Map file     =  
#        G:\SVNRepositors\Прошивка - Ретранслятор
#        сканкодов
#        клавиатуры\Исходники\Debug\List\KeyboardRepeater.map
#    Command line =  
#        -f C:\Users\805B~1\AppData\Local\Temp\EW48FE.tmp
#        ("G:\SVNRepositors\Прошивка - Ретранслятор
#        сканкодов
#        клавиатуры\Исходники\Debug\Obj\crc.o"
#        "G:\SVNRepositors\Прошивка - Ретранслятор
#        сканкодов
#        клавиатуры\Исходники\Debug\Obj\custom_aes196cbc.o"
#        "G:\SVNRepositors\Прошивка - Ретранслятор
#        сканкодов
#        клавиатуры\Исходники\Debug\Obj\cycle_queue.o"
#        "G:\SVNRepositors\Прошивка - Ретранслятор
#        сканкодов
#        клавиатуры\Исходники\Debug\Obj\exchanger.o"
#        "G:\SVNRepositors\Прошивка - Ретранслятор
#        сканкодов
#        клавиатуры\Исходники\Debug\Obj\main.o"
#        "G:\SVNRepositors\Прошивка - Ретранслятор
#        сканкодов
#        клавиатуры\Исходники\Debug\Obj\ps2_keyboard.o"
#        "G:\SVNRepositors\Прошивка - Ретранслятор
#        сканкодов
#        клавиатуры\Исходники\Debug\Obj\startup_stm32f103xb.o"
#        "G:\SVNRepositors\Прошивка - Ретранслятор
#        сканкодов
#        клавиатуры\Исходники\crypto\binary\STM32CryptographicV3.0.0_CM3_IAR_otnsc.a"
#        "G:\SVNRepositors\Прошивка - Ретранслятор
#        сканкодов
#        клавиатуры\Исходники\Debug\Obj\stm32f1xx_hal.o"
#        "G:\SVNRepositors\Прошивка - Ретранслятор
#        сканкодов
#        клавиатуры\Исходники\Debug\Obj\stm32f1xx_hal_cortex.o"
#        "G:\SVNRepositors\Прошивка - Ретранслятор
#        сканкодов
#        клавиатуры\Исходники\Debug\Obj\stm32f1xx_hal_crc.o"
#        "G:\SVNRepositors\Прошивка - Ретранслятор
#        сканкодов
#        клавиатуры\Исходники\Debug\Obj\stm32f1xx_hal_dma.o"
#        "G:\SVNRepositors\Прошивка - Ретранслятор
#        сканкодов
#        клавиатуры\Исходники\Debug\Obj\stm32f1xx_hal_flash.o"
#        "G:\SVNRepositors\Прошивка - Ретранслятор
#        сканкодов
#        клавиатуры\Исходники\Debug\Obj\stm32f1xx_hal_flash_ex.o"
#        "G:\SVNRepositors\Прошивка - Ретранслятор
#        сканкодов
#        клавиатуры\Исходники\Debug\Obj\stm32f1xx_hal_gpio.o"
#        "G:\SVNRepositors\Прошивка - Ретранслятор
#        сканкодов
#        клавиатуры\Исходники\Debug\Obj\stm32f1xx_hal_gpio_ex.o"
#        "G:\SVNRepositors\Прошивка - Ретранслятор
#        сканкодов
#        клавиатуры\Исходники\Debug\Obj\stm32f1xx_hal_msp.o"
#        "G:\SVNRepositors\Прошивка - Ретранслятор
#        сканкодов
#        клавиатуры\Исходники\Debug\Obj\stm32f1xx_hal_pcd.o"
#        "G:\SVNRepositors\Прошивка - Ретранслятор
#        сканкодов
#        клавиатуры\Исходники\Debug\Obj\stm32f1xx_hal_pcd_ex.o"
#        "G:\SVNRepositors\Прошивка - Ретранслятор
#        сканкодов
#        клавиатуры\Исходники\Debug\Obj\stm32f1xx_hal_pwr.o"
#        "G:\SVNRepositors\Прошивка - Ретранслятор
#        сканкодов
#        клавиатуры\Исходники\Debug\Obj\stm32f1xx_hal_rcc.o"
#        "G:\SVNRepositors\Прошивка - Ретранслятор
#        сканкодов
#        клавиатуры\Исходники\Debug\Obj\stm32f1xx_hal_rcc_ex.o"
#        "G:\SVNRepositors\Прошивка - Ретранслятор
#        сканкодов
#        клавиатуры\Исходники\Debug\Obj\stm32f1xx_hal_tim.o"
#        "G:\SVNRepositors\Прошивка - Ретранслятор
#        сканкодов
#        клавиатуры\Исходники\Debug\Obj\stm32f1xx_hal_tim_ex.o"
#        "G:\SVNRepositors\Прошивка - Ретранслятор
#        сканкодов
#        клавиатуры\Исходники\Debug\Obj\stm32f1xx_it.o"
#        "G:\SVNRepositors\Прошивка - Ретранслятор
#        сканкодов
#        клавиатуры\Исходники\Debug\Obj\stm32f1xx_ll_usb.o"
#        "G:\SVNRepositors\Прошивка - Ретранслятор
#        сканкодов
#        клавиатуры\Исходники\Debug\Obj\system_stm32f1xx.o"
#        "G:\SVNRepositors\Прошивка - Ретранслятор
#        сканкодов
#        клавиатуры\Исходники\Debug\Obj\usb_device.o"
#        "G:\SVNRepositors\Прошивка - Ретранслятор
#        сканкодов
#        клавиатуры\Исходники\Debug\Obj\usbd_cdc.o"
#        "G:\SVNRepositors\Прошивка - Ретранслятор
#        сканкодов
#        клавиатуры\Исходники\Debug\Obj\usbd_cdc_if.o"
#        "G:\SVNRepositors\Прошивка - Ретранслятор
#        сканкодов
#        клавиатуры\Исходники\Debug\Obj\usbd_conf.o"
#        "G:\SVNRepositors\Прошивка - Ретранслятор
#        сканкодов
#        клавиатуры\Исходники\Debug\Obj\usbd_core.o"
#        "G:\SVNRepositors\Прошивка - Ретранслятор
#        сканкодов
#        клавиатуры\Исходники\Debug\Obj\usbd_ctlreq.o"
#        "G:\SVNRepositors\Прошивка - Ретранслятор
#        сканкодов
#        клавиатуры\Исходники\Debug\Obj\usbd_desc.o"
#        "G:\SVNRepositors\Прошивка - Ретранслятор
#        сканкодов
#        клавиатуры\Исходники\Debug\Obj\usbd_ioreq.o"
#        --redirect _Printf=_PrintfFull --redirect _Scanf=_ScanfFull -o
#        "G:\SVNRepositors\Прошивка - Ретранслятор
#        сканкодов
#        клавиатуры\Исходники\Debug\Exe\KeyboardRepeater.out"
#        --map "G:\SVNRepositors\Прошивка - Ретранслятор
#        сканкодов
#        клавиатуры\Исходники\Debug\List\KeyboardRepeater.map"
#        --config "G:\SVNRepositors\Прошивка - Ретранслятор
#        сканкодов
#        клавиатуры\Исходники\source\stm32f103xb_flash.icf"
#        --semihosting --entry __iar_program_start --vfe --text_out locale)
#
###############################################################################

*******************************************************************************
*** MESSAGES
***

Warning[Lt009]: Inconsistent wchar_t size
            crypto.o(STM32CryptographicV3.0.0_CM3_IAR_otnsc.a) has wchar_t size
                      16 bits
            crc.o and 45 other objects, some of them in dl7M_tlf.a and 11 other
                      libraries have wchar_t size 32 bits


*******************************************************************************
*** RUNTIME MODEL ATTRIBUTES
***

CppFlavor       = *
__SystemLibrary = DLib
__dlib_version  = 6


*******************************************************************************
*** HEAP SELECTION
***

The basic heap was selected because no calls to memory allocation
functions were found in the application outside of system library
functions, and there are calls to deallocation functions in the
application.


*******************************************************************************
*** PLACEMENT SUMMARY
***

"A0":  place at 0x08000000 { ro section .intvec };
"P1":  place in [from 0x08000000 to 0x0801ffff] { ro };
define block CSTACK with size = 1K, alignment = 8 { };
define block HEAP with size = 512, alignment = 8 { };
"P2":  place in [from 0x20000000 to 0x20004fff] {
          rw, block CSTACK, block HEAP };
initialize by copy { rw };

  Section            Kind        Address    Size  Object
  -------            ----        -------    ----  ------
"A0":                                       0xec
  .intvec            ro code  0x08000000    0xec  startup_stm32f103xb.o [1]
                            - 0x080000ec    0xec

"P1":                                     0x49a3
  .text              ro code  0x080000ec   0xa1c  stm32f1xx_ll_usb.o [1]
  .text              ro code  0x08000b08   0x97a  stm32f1xx_hal_pcd.o [1]
  .text              ro code  0x08001482    0x7a  lz77_init_single.o [5]
  .text              ro code  0x080014fc   0x36a  usbd_conf.o [1]
  .rodata            const    0x08001866     0x2  stm32f1xx_hal_rcc.o [1]
  .text              ro code  0x08001868    0x86  ABImemcpy.o [5]
  .text              ro code  0x080018ee   0x318  usbd_core.o [1]
  .text              ro code  0x08001c08   0x20c  main.o [1]
  .text              ro code  0x08001e14    0x4c  stm32f1xx_hal_pcd_ex.o [1]
  .text              ro code  0x08001e60   0x66a  usbd_ctlreq.o [1]
  .text              ro code  0x080024ca    0xc4  usbd_ioreq.o [1]
  .text              ro code  0x08002590   0x384  ps2_keyboard.o [1]
  .text              ro code  0x08002914   0x2d0  stm32f1xx_hal_gpio.o [1]
  .text              ro code  0x08002be4    0x24  stm32f1xx_hal_crc.o [1]
  .text              ro code  0x08002c08   0x6c0  stm32f1xx_hal_rcc.o [1]
  .text              ro code  0x080032c8   0x124  stm32f1xx_hal_rcc_ex.o [1]
  .text              ro code  0x080033ec   0x176  stm32f1xx_hal_cortex.o [1]
  .text              ro code  0x08003564    0x28  stm32f1xx_hal.o [1]
  .text              ro code  0x0800358c    0x54  usb_device.o [1]
  .text              ro code  0x080035e0   0x45a  exchanger.o [1]
  .text              ro code  0x08003a3c   0x134  cycle_queue.o [1]
  .text              ro code  0x08003b70    0xd8  stm32f1xx_hal_msp.o [1]
  .text              ro code  0x08003c48     0xc  stm32f1xx_hal.o [1]
  .text              ro code  0x08003c54    0x4c  stm32f1xx_hal.o [1]
  .text              ro code  0x08003ca0   0x2f6  usbd_cdc.o [1]
  .text              ro code  0x08003f98    0xbc  usbd_cdc_if.o [1]
  .text              ro code  0x08004054    0x40  crc.o [1]
  .rodata            const    0x08004094   0x400  crc.o [1]
  .text              ro code  0x08004494   0x15e  usbd_desc.o [1]
  .rodata            const    0x080045f4    0x80  ps2_keyboard.o [1]
  .rodata            const    0x08004674    0x80  ps2_keyboard.o [1]
  .text              ro code  0x080046f4    0x68  system_stm32f1xx.o [1]
  .text              ro code  0x0800475c    0x40  zero_init3.o [5]
  .text              ro code  0x0800479c    0x3e  stm32f1xx_it.o [1]
  .text              ro code  0x080047dc    0x18  stm32f1xx_hal.o [1]
  .text              ro code  0x080047f4    0x28  data_init.o [5]
  .iar.init_table    const    0x0800481c    0x20  - Linker created -
  .text              ro code  0x0800483c    0x1e  cmain.o [5]
  .text              ro code  0x0800485a     0x4  low_level_init.o [4]
  .text              ro code  0x0800485e     0x4  exit.o [4]
  .text              ro code  0x08004864     0xa  cexit.o [5]
  .text              ro code  0x08004870    0x14  exit.o [6]
  .rodata            const    0x08004884    0x18  usbd_desc.o [1]
  .rodata            const    0x0800489c    0x14  usbd_desc.o [1]
  .rodata            const    0x080048b0    0x10  stm32f1xx_hal_rcc.o [1]
  .rodata            const    0x080048c0    0x10  system_stm32f1xx.o [1]
  .rodata            const    0x080048d0    0x10  usbd_desc.o [1]
  .text              ro code  0x080048e0    0x10  startup_stm32f103xb.o [1]
  .rodata            const    0x080048f0     0xc  usbd_desc.o [1]
  .text              ro code  0x080048fc     0xc  cstartup_M.o [5]
  .text              ro code  0x08004908     0x4  startup_stm32f103xb.o [1]
  .text              ro code  0x0800490c     0x4  startup_stm32f103xb.o [1]
  .text              ro code  0x08004910     0x4  startup_stm32f103xb.o [1]
  .text              ro code  0x08004914     0x4  startup_stm32f103xb.o [1]
  .text              ro code  0x08004918     0x4  startup_stm32f103xb.o [1]
  .text              ro code  0x0800491c     0x4  startup_stm32f103xb.o [1]
  .text              ro code  0x08004920     0x4  startup_stm32f103xb.o [1]
  .text              ro code  0x08004924     0x4  startup_stm32f103xb.o [1]
  .text              ro code  0x08004928     0x4  startup_stm32f103xb.o [1]
  .text              ro code  0x0800492c     0x4  startup_stm32f103xb.o [1]
  .text              ro code  0x08004930     0x4  startup_stm32f103xb.o [1]
  .text              ro code  0x08004934     0x4  startup_stm32f103xb.o [1]
  .text              ro code  0x08004938     0x4  startup_stm32f103xb.o [1]
  .text              ro code  0x0800493c     0x4  startup_stm32f103xb.o [1]
  .text              ro code  0x08004940     0x4  startup_stm32f103xb.o [1]
  .text              ro code  0x08004944     0x4  startup_stm32f103xb.o [1]
  .text              ro code  0x08004948     0x4  startup_stm32f103xb.o [1]
  .text              ro code  0x0800494c     0x4  startup_stm32f103xb.o [1]
  .text              ro code  0x08004950     0x4  startup_stm32f103xb.o [1]
  .text              ro code  0x08004954     0x4  startup_stm32f103xb.o [1]
  .text              ro code  0x08004958     0x4  startup_stm32f103xb.o [1]
  .text              ro code  0x0800495c     0x4  startup_stm32f103xb.o [1]
  .text              ro code  0x08004960     0x4  startup_stm32f103xb.o [1]
  .text              ro code  0x08004964     0x4  startup_stm32f103xb.o [1]
  .text              ro code  0x08004968     0x4  startup_stm32f103xb.o [1]
  .text              ro code  0x0800496c     0x4  startup_stm32f103xb.o [1]
  .text              ro code  0x08004970     0x4  startup_stm32f103xb.o [1]
  .text              ro code  0x08004974     0x4  startup_stm32f103xb.o [1]
  .text              ro code  0x08004978     0x4  startup_stm32f103xb.o [1]
  .text              ro code  0x0800497c     0x4  startup_stm32f103xb.o [1]
  .text              ro code  0x08004980     0x4  startup_stm32f103xb.o [1]
  .text              ro code  0x08004984     0x4  startup_stm32f103xb.o [1]
  .text              ro code  0x08004988     0x4  startup_stm32f103xb.o [1]
  .text              ro code  0x0800498c     0x4  startup_stm32f103xb.o [1]
  .text              ro code  0x08004990     0x4  startup_stm32f103xb.o [1]
  .text              ro code  0x08004994     0x4  startup_stm32f103xb.o [1]
  .text              ro code  0x08004998     0x4  startup_stm32f103xb.o [1]
  .text              ro code  0x0800499c     0x4  startup_stm32f103xb.o [1]
  .text              ro code  0x080049a0     0x4  startup_stm32f103xb.o [1]
  .text              ro code  0x080049a4     0x4  startup_stm32f103xb.o [1]
  .rodata            const    0x080049a8     0x0  zero_init3.o [5]
  .rodata            const    0x080049a8     0x0  lz77_init_single.o [5]
  Initializer bytes  const    0x080049a8    0xe7  <for P2-1>
                            - 0x08004a8f  0x49a3

"P2", part 1 of 3:                         0x18a
  P2-1                        0x20000000   0x18a  <Init block>
    .data            inited   0x20000000     0x4  exchanger.o [1]
    .data            inited   0x20000004     0x4  exchanger.o [1]
    .data            inited   0x20000008     0x4  exchanger.o [1]
    .data            inited   0x2000000c     0x4  exchanger.o [1]
    .data            inited   0x20000010     0x4  stm32f1xx_hal.o [1]
    .data            inited   0x20000014     0x4  system_stm32f1xx.o [1]
    .data            inited   0x20000018     0xc  usbd_cdc.o [1]
    .data            inited   0x20000024    0x38  usbd_cdc.o [1]
    .data            inited   0x2000005c    0x44  usbd_cdc.o [1]
    .data            inited   0x200000a0    0x44  usbd_cdc.o [1]
    .data            inited   0x200000e4    0x44  usbd_cdc.o [1]
    .data            inited   0x20000128    0x10  usbd_cdc_if.o [1]
    .data            inited   0x20000138    0x1c  usbd_desc.o [1]
    .data            inited   0x20000154    0x14  usbd_desc.o [1]
    .data            inited   0x20000168     0x4  usbd_desc.o [1]
    .data            inited   0x2000016c    0x1c  usbd_desc.o [1]
    .data            inited   0x20000188     0x1  main.o [1]
    .data            inited   0x20000189     0x1  stm32f1xx_hal.o [1]
                            - 0x2000018a   0x18a

"P2", part 2 of 3:                        0x13e8
  .bss               zero     0x2000018c   0x460  usbd_conf.o [1]
  .bss               zero     0x200005ec   0x3e8  usbd_cdc_if.o [1]
  .bss               zero     0x200009d4   0x3e8  usbd_cdc_if.o [1]
  .bss               zero     0x20000dbc   0x224  usb_device.o [1]
  .bss               zero     0x20000fe0   0x220  usbd_conf.o [1]
  .bss               zero     0x20001200   0x200  usbd_desc.o [1]
  .bss               zero     0x20001400    0x64  exchanger.o [1]
  .bss               zero     0x20001464    0x64  exchanger.o [1]
  .bss               zero     0x200014c8    0x34  cycle_queue.o [1]
  .bss               zero     0x200014fc    0x24  exchanger.o [1]
  .bss               zero     0x20001520    0x14  cycle_queue.o [1]
  .bss               zero     0x20001534    0x10  exchanger.o [1]
  .bss               zero     0x20001544    0x10  exchanger.o [1]
  .bss               zero     0x20001554     0x8  main.o [1]
  .bss               zero     0x2000155c     0x8  ps2_keyboard.o [1]
  .bss               zero     0x20001564     0x4  ps2_keyboard.o [1]
  .bss               zero     0x20001568     0x4  stm32f1xx_hal.o [1]
  .bss               zero     0x2000156c     0x2  exchanger.o [1]
  .bss               zero     0x2000156e     0x1  exchanger.o [1]
  .bss               zero     0x2000156f     0x1  main.o [1]
  .bss               zero     0x20001570     0x1  ps2_keyboard.o [1]
  .bss               zero     0x20001571     0x1  ps2_keyboard.o [1]
  .bss               zero     0x20001572     0x1  usbd_cdc.o [1]
  .bss               zero     0x20001573     0x1  usbd_ctlreq.o [1]
                            - 0x20001574  0x13e8

"P2", part 3 of 3:                         0x400
  CSTACK                      0x20001578   0x400  <Block>
    CSTACK           uninit   0x20001578   0x400  <Block tail>
                            - 0x20001978   0x400


*******************************************************************************
*** INIT TABLE
***

          Address     Size
          -------     ----
Zero (__iar_zero_init3)
    1 destination range, total size 0x13e8:
          0x2000018c  0x13e8

Copy/lz77 (__iar_lz77_init_single3)
    1 source range, total size 0xe7 (58% of destination):
          0x080049a8    0xe7
    1 destination range, total size 0x18a:
          0x20000000   0x18a



*******************************************************************************
*** MODULE SUMMARY
***

    Module                  ro code  ro data  rw data
    ------                  -------  -------  -------
G:\SVNRepositors\Прошивка - Ретранслятор сканкодов клавиатуры\Исходники\Debug\Obj: [1]
    crc.o                        64    1 024
    cycle_queue.o               308                72
    exchanger.o               1 114        9      287
    main.o                      524        1       10
    ps2_keyboard.o              900      256       14
    startup_stm32f103xb.o       412
    stm32f1xx_hal.o             152        3        9
    stm32f1xx_hal_cortex.o      374
    stm32f1xx_hal_crc.o          36
    stm32f1xx_hal_gpio.o        720
    stm32f1xx_hal_msp.o         216
    stm32f1xx_hal_pcd.o       2 426
    stm32f1xx_hal_pcd_ex.o       76
    stm32f1xx_hal_rcc.o       1 728       18
    stm32f1xx_hal_rcc_ex.o      292
    stm32f1xx_it.o               62
    stm32f1xx_ll_usb.o        2 588
    system_stm32f1xx.o          104       19        4
    usb_device.o                 84               548
    usbd_cdc.o                  758      159      273
    usbd_cdc_if.o               188        9    2 016
    usbd_conf.o                 874             1 664
    usbd_core.o                 792
    usbd_ctlreq.o             1 642                 1
    usbd_desc.o                 350      119      592
    usbd_ioreq.o                196
    -------------------------------------------------
    Total:                   16 980    1 617    5 490

command line: [2]
    -------------------------------------------------
    Total:

STM32CryptographicV3.0.0_CM3_IAR_otnsc.a: [3]
    -------------------------------------------------
    Total:

dl7M_tlf.a: [4]
    exit.o                        4
    low_level_init.o              4
    -------------------------------------------------
    Total:                        8

rt7M_tl.a: [5]
    ABImemcpy.o                 134
    cexit.o                      10
    cmain.o                      30
    cstartup_M.o                 12
    data_init.o                  40
    lz77_init_single.o          122
    zero_init3.o                 64
    -------------------------------------------------
    Total:                      412

shb_l.a: [6]
    exit.o                       20
    -------------------------------------------------
    Total:                       20

    Gaps                         16        2
    Linker created                        32    1 024
-----------------------------------------------------
    Grand Total:             17 436    1 651    6 514


*******************************************************************************
*** ENTRY LIST
***

Entry                      Address   Size  Type      Object
-----                      -------   ----  ----      ------
.iar.init_table$$Base   0x0800481c          --   Gb  - Linker created -
.iar.init_table$$Limit  0x0800483c          --   Gb  - Linker created -
?main                   0x0800483d         Code  Gb  cmain.o [5]
AHBPrescTable           0x080048c0   0x10  Data  Gb  system_stm32f1xx.o [1]
BusFault_Handler        0x080047a3    0x2  Code  Gb  stm32f1xx_it.o [1]
CDC_Control_FS          0x08003fb5   0x42  Code  Lc  usbd_cdc_if.o [1]
CDC_DeInit_FS           0x08003fb1    0x4  Code  Lc  usbd_cdc_if.o [1]
CDC_Init_FS             0x08003f99   0x18  Code  Lc  usbd_cdc_if.o [1]
CDC_Receive_FS          0x08003ff7   0x22  Code  Lc  usbd_cdc_if.o [1]
CDC_Transmit_FS         0x08004019   0x30  Code  Gb  usbd_cdc_if.o [1]
CSTACK$$Base            0x20001578          --   Gb  - Linker created -
CSTACK$$Limit           0x20001978          --   Gb  - Linker created -
DebugMon_Handler        0x080047a9    0x2  Code  Gb  stm32f1xx_it.o [1]
Dequeue                 0x08003aed   0x58  Code  Gb  cycle_queue.o [1]
EXTI3_IRQHandler        0x080047d1    0xa  Code  Gb  stm32f1xx_it.o [1]
Enqueue                 0x08003a7f   0x6e  Code  Gb  cycle_queue.o [1]
Error_Handler           0x08001d99    0x2  Code  Gb  main.o [1]
FS_Desc                 0x20000138   0x1c  Data  Gb  usbd_desc.o [1]
GenerateCommonKey       0x080036af   0x18  Code  Gb  exchanger.o [1]
GetKey                  0x08002771   0xf6  Code  Gb  ps2_keyboard.o [1]
GetRand                 0x08003677   0x38  Code  Gb  exchanger.o [1]
GetReport               0x080037cd   0x22  Code  Gb  exchanger.o [1]
GetScanCodes            0x08002889   0x8c  Code  Gb  ps2_keyboard.o [1]
Get_SerialNum           0x08004547   0x2a  Code  Lc  usbd_desc.o [1]
HAL_CRC_Init            0x08002be5   0x24  Code  Gb  stm32f1xx_hal_crc.o [1]
HAL_CRC_MspInit         0x08003c0f   0x26  Code  Gb  stm32f1xx_hal_msp.o [1]
HAL_GPIO_EXTI_Callback  0x08001c09   0x24  Code  Gb  main.o [1]
HAL_GPIO_EXTI_IRQHandler
                        0x08002b7f   0x22  Code  Gb  stm32f1xx_hal_gpio.o [1]
HAL_GPIO_Init           0x08002915  0x22e  Code  Gb  stm32f1xx_hal_gpio.o [1]
HAL_GPIO_ReadPin        0x08002b43   0x16  Code  Gb  stm32f1xx_hal_gpio.o [1]
HAL_GPIO_TogglePin      0x08002b73    0xc  Code  Gb  stm32f1xx_hal_gpio.o [1]
HAL_GPIO_WritePin       0x08002b59   0x1a  Code  Gb  stm32f1xx_hal_gpio.o [1]
HAL_GetTick             0x08003c49    0xc  Code  Wk  stm32f1xx_hal.o [1]
HAL_IncTick             0x080047dd   0x18  Code  Wk  stm32f1xx_hal.o [1]
HAL_Init                0x08003565   0x22  Code  Gb  stm32f1xx_hal.o [1]
HAL_InitTick            0x08003c55   0x4c  Code  Wk  stm32f1xx_hal.o [1]
HAL_MspInit             0x08003b71   0x9e  Code  Gb  stm32f1xx_hal_msp.o [1]
HAL_NVIC_EnableIRQ      0x080034fd    0xe  Code  Gb  stm32f1xx_hal_cortex.o [1]
HAL_NVIC_SetPriority    0x080034d3   0x2a  Code  Gb  stm32f1xx_hal_cortex.o [1]
HAL_NVIC_SetPriorityGrouping
                        0x080034c7    0xc  Code  Gb  stm32f1xx_hal_cortex.o [1]
HAL_PCDEx_PMAConfig     0x08001e15   0x4c  Code  Gb  stm32f1xx_hal_pcd_ex.o [1]
HAL_PCDEx_SetConnectionState
                        0x08001837    0x2  Code  Gb  usbd_conf.o [1]
HAL_PCD_DataInStageCallback
                        0x0800155d   0x1e  Code  Gb  usbd_conf.o [1]
HAL_PCD_DataOutStageCallback
                        0x0800153d   0x20  Code  Gb  usbd_conf.o [1]
HAL_PCD_EP_Close        0x08000e3d   0x64  Code  Gb  stm32f1xx_hal_pcd.o [1]
HAL_PCD_EP_ClrStall     0x08000fd7   0x64  Code  Gb  stm32f1xx_hal_pcd.o [1]
HAL_PCD_EP_GetRxCount   0x08000ef9   0x12  Code  Gb  stm32f1xx_hal_pcd.o [1]
HAL_PCD_EP_Open         0x08000dbb   0x82  Code  Gb  stm32f1xx_hal_pcd.o [1]
HAL_PCD_EP_Receive      0x08000ea1   0x58  Code  Gb  stm32f1xx_hal_pcd.o [1]
HAL_PCD_EP_SetStall     0x08000f63   0x74  Code  Gb  stm32f1xx_hal_pcd.o [1]
HAL_PCD_EP_Transmit     0x08000f0b   0x58  Code  Gb  stm32f1xx_hal_pcd.o [1]
HAL_PCD_IRQHandler      0x08000c43  0x148  Code  Gb  stm32f1xx_hal_pcd.o [1]
HAL_PCD_Init            0x08000b09  0x106  Code  Gb  stm32f1xx_hal_pcd.o [1]
HAL_PCD_MspInit         0x080014fd   0x2e  Code  Gb  usbd_conf.o [1]
HAL_PCD_ResetCallback   0x08001589   0x26  Code  Gb  usbd_conf.o [1]
HAL_PCD_ResumeCallback  0x080015cf    0xe  Code  Gb  usbd_conf.o [1]
HAL_PCD_SOFCallback     0x0800157b    0xe  Code  Gb  usbd_conf.o [1]
HAL_PCD_SetAddress      0x08000d8b   0x30  Code  Gb  stm32f1xx_hal_pcd.o [1]
HAL_PCD_SetupStageCallback
                        0x0800152b   0x12  Code  Gb  usbd_conf.o [1]
HAL_PCD_Start           0x08000c0f   0x34  Code  Gb  stm32f1xx_hal_pcd.o [1]
HAL_PCD_SuspendCallback
                        0x080015af   0x20  Code  Gb  usbd_conf.o [1]
HAL_RCCEx_PeriphCLKConfig
                        0x080032c9  0x10e  Code  Gb  stm32f1xx_hal_rcc_ex.o [1]
HAL_RCC_ClockConfig     0x0800305f  0x188  Code  Gb  stm32f1xx_hal_rcc.o [1]
HAL_RCC_GetHCLKFreq     0x08003259    0x6  Code  Gb  stm32f1xx_hal_rcc.o [1]
HAL_RCC_GetSysClockFreq
                        0x080031e7   0x72  Code  Gb  stm32f1xx_hal_rcc.o [1]
HAL_RCC_OscConfig       0x08002c09  0x456  Code  Gb  stm32f1xx_hal_rcc.o [1]
HAL_SYSTICK_CLKSourceConfig
                        0x08003517   0x20  Code  Gb  stm32f1xx_hal_cortex.o [1]
HAL_SYSTICK_Config      0x0800350b    0xc  Code  Gb  stm32f1xx_hal_cortex.o [1]
HAL_SYSTICK_IRQHandler  0x08003559    0x8  Code  Gb  stm32f1xx_hal_cortex.o [1]
HardFault_Handler       0x0800479f    0x2  Code  Gb  stm32f1xx_it.o [1]
IEEE_802                0x08004094  0x400  Data  Gb  crc.o [1]
InitExchanger           0x08003a39    0x2  Code  Gb  exchanger.o [1]
InitQueue               0x08003a3d   0x2a  Code  Gb  cycle_queue.o [1]
Initialize              0x080037ad   0x20  Code  Gb  exchanger.o [1]
IntToUnicode            0x080045a5   0x4e  Code  Lc  usbd_desc.o [1]
IsQueueEmpty            0x08003b45   0x1c  Code  Gb  cycle_queue.o [1]
MX_CRC_Init             0x08001c2d   0x18  Code  Lc  main.o [1]
MX_GPIO_Init            0x08001c45   0x8e  Code  Lc  main.o [1]
MX_USB_DEVICE_Init      0x0800358d   0x54  Code  Gb  usb_device.o [1]
MemManage_Handler       0x080047a1    0x2  Code  Gb  stm32f1xx_it.o [1]
NMI_Handler             0x0800479d    0x2  Code  Gb  stm32f1xx_it.o [1]
NVIC_EnableIRQ          0x08003413   0x16  Code  Lc  stm32f1xx_hal_cortex.o [1]
NVIC_EncodePriority     0x08003455   0x42  Code  Lc  stm32f1xx_hal_cortex.o [1]
NVIC_GetPriorityGrouping
                        0x08003409    0xa  Code  Lc  stm32f1xx_hal_cortex.o [1]
NVIC_SetPriority        0x08003429   0x2c  Code  Lc  stm32f1xx_hal_cortex.o [1]
NVIC_SetPriorityGrouping
                        0x080033ed   0x1c  Code  Lc  stm32f1xx_hal_cortex.o [1]
PCD_EP_ISR_Handler      0x0800103b  0x448  Code  Lc  stm32f1xx_hal_pcd.o [1]
PS2KeyboardInit         0x080025e5   0x68  Code  Gb  ps2_keyboard.o [1]
PS2KeyboardInitState    0x08002591   0x54  Code  Gb  ps2_keyboard.o [1]
PS2StateMachine         0x0800264d  0x124  Code  Gb  ps2_keyboard.o [1]
PS2StateMachine::pinState
                        0x20001571    0x1  Data  Lc  ps2_keyboard.o [1]
PS2_KeyCodes            0x080045f4   0x80  Data  Gb  ps2_keyboard.o [1]
PS2_ShiftKeyCodes       0x08004674   0x80  Data  Gb  ps2_keyboard.o [1]
PS2_State               0x20001570    0x1  Data  Lc  ps2_keyboard.o [1]
PendSV_Handler          0x080047ab    0x2  Code  Gb  stm32f1xx_it.o [1]
ProcessRequest          0x080037ef   0x5a  Code  Gb  exchanger.o [1]
ProcessUSBReceiveData   0x08003849  0x1bc  Code  Gb  exchanger.o [1]
RCC_Delay               0x0800325f   0x26  Code  Lc  stm32f1xx_hal_rcc.o [1]
Region$$Table$$Base     0x0800481c          --   Gb  - Linker created -
Region$$Table$$Limit    0x0800483c          --   Gb  - Linker created -
ResetQueueOwner         0x08003a77    0x8  Code  Gb  cycle_queue.o [1]
SVC_Handler             0x080047a7    0x2  Code  Gb  stm32f1xx_it.o [1]
SetQueueOwner           0x08003a67   0x10  Code  Gb  cycle_queue.o [1]
SysTick_Config          0x08003497   0x30  Code  Lc  stm32f1xx_hal_cortex.o [1]
SysTick_Handler         0x080047ad    0xc  Code  Gb  stm32f1xx_it.o [1]
SystemClock_Config      0x08001cd3   0xc6  Code  Gb  main.o [1]
SystemCoreClock         0x20000014    0x4  Data  Gb  system_stm32f1xx.o [1]
SystemInit              0x080046f5   0x4e  Code  Gb  system_stm32f1xx.o [1]
Transmit                0x080035e1   0x96  Code  Gb  exchanger.o [1]
USBD_CDC                0x20000024   0x38  Data  Gb  usbd_cdc.o [1]
USBD_CDC_CfgFSDesc      0x200000a0   0x44  Data  Gb  usbd_cdc.o [1]
USBD_CDC_CfgHSDesc      0x2000005c   0x44  Data  Gb  usbd_cdc.o [1]
USBD_CDC_DataIn         0x08003e19   0x1c  Code  Lc  usbd_cdc.o [1]
USBD_CDC_DataOut        0x08003e35   0x38  Code  Lc  usbd_cdc.o [1]
USBD_CDC_DeInit         0x08003d51   0x44  Code  Lc  usbd_cdc.o [1]
USBD_CDC_DeviceQualifierDesc
                        0x20000018    0xc  Data  Lc  usbd_cdc.o [1]
USBD_CDC_EP0_RxReady    0x08003e6d   0x36  Code  Lc  usbd_cdc.o [1]
USBD_CDC_GetDeviceQualifierDescriptor
                        0x08003ec1    0xa  Code  Gb  usbd_cdc.o [1]
USBD_CDC_GetFSCfgDesc   0x08003ea3    0xa  Code  Lc  usbd_cdc.o [1]
USBD_CDC_GetHSCfgDesc   0x08003ead    0xa  Code  Lc  usbd_cdc.o [1]
USBD_CDC_GetOtherSpeedCfgDesc
                        0x08003eb7    0xa  Code  Lc  usbd_cdc.o [1]
USBD_CDC_Init           0x08003ca1   0xb0  Code  Lc  usbd_cdc.o [1]
USBD_CDC_OtherSpeedCfgDesc
                        0x200000e4   0x44  Data  Gb  usbd_cdc.o [1]
USBD_CDC_ReceivePacket  0x08003f59   0x3e  Code  Gb  usbd_cdc.o [1]
USBD_CDC_RegisterInterface
                        0x08003ee1   0x14  Code  Gb  usbd_cdc.o [1]
USBD_CDC_SetRxBuffer    0x08003f0f    0xe  Code  Gb  usbd_cdc.o [1]
USBD_CDC_SetTxBuffer    0x08003ef5   0x1a  Code  Gb  usbd_cdc.o [1]
USBD_CDC_Setup          0x08003d95   0x84  Code  Lc  usbd_cdc.o [1]
USBD_CDC_Setup::ifalt   0x20001572    0x1  Data  Lc  usbd_cdc.o [1]
USBD_CDC_TransmitPacket
                        0x08003f1d   0x3c  Code  Gb  usbd_cdc.o [1]
USBD_ClrClassConfig     0x0800197d   0x18  Code  Gb  usbd_core.o [1]
USBD_ClrFeature         0x080023ef   0x3a  Code  Lc  usbd_ctlreq.o [1]
USBD_CtlContinueRx      0x08002541   0x1a  Code  Gb  usbd_ioreq.o [1]
USBD_CtlContinueSendData
                        0x080024f7   0x1a  Code  Gb  usbd_ioreq.o [1]
USBD_CtlError           0x08002451   0x18  Code  Gb  usbd_ctlreq.o [1]
USBD_CtlPrepareRx       0x08002511   0x30  Code  Gb  usbd_ioreq.o [1]
USBD_CtlReceiveStatus   0x08002575   0x1a  Code  Gb  usbd_ioreq.o [1]
USBD_CtlSendData        0x080024cb   0x2c  Code  Gb  usbd_ioreq.o [1]
USBD_CtlSendStatus      0x0800255b   0x1a  Code  Gb  usbd_ioreq.o [1]
USBD_FS_ConfigStrDescriptor
                        0x080044f7   0x28  Code  Gb  usbd_desc.o [1]
USBD_FS_DeviceDesc      0x20000154   0x14  Data  Gb  usbd_desc.o [1]
USBD_FS_DeviceDescriptor
                        0x08004495    0xa  Code  Gb  usbd_desc.o [1]
USBD_FS_InterfaceStrDescriptor
                        0x0800451f   0x28  Code  Gb  usbd_desc.o [1]
USBD_FS_LangIDStrDescriptor
                        0x0800449f    0xa  Code  Gb  usbd_desc.o [1]
USBD_FS_ManufacturerStrDescriptor
                        0x080044d1   0x14  Code  Gb  usbd_desc.o [1]
USBD_FS_ProductStrDescriptor
                        0x080044a9   0x28  Code  Gb  usbd_desc.o [1]
USBD_FS_SerialStrDescriptor
                        0x080044e5   0x12  Code  Gb  usbd_desc.o [1]
USBD_GetConfig          0x08002341   0x4c  Code  Lc  usbd_ctlreq.o [1]
USBD_GetDescriptor      0x080020a9  0x158  Code  Lc  usbd_ctlreq.o [1]
USBD_GetLen             0x080024b7   0x14  Code  Lc  usbd_ctlreq.o [1]
USBD_GetStatus          0x0800238d   0x3c  Code  Lc  usbd_ctlreq.o [1]
USBD_GetString          0x08002469   0x4e  Code  Gb  usbd_ctlreq.o [1]
USBD_Get_USB_Status     0x08001839   0x2e  Code  Lc  usbd_conf.o [1]
USBD_Init               0x080018ef   0x38  Code  Gb  usbd_core.o [1]
USBD_Interface_fops_FS  0x20000128   0x10  Data  Gb  usbd_cdc_if.o [1]
USBD_LL_ClearStallEP    0x08001717   0x2a  Code  Gb  usbd_conf.o [1]
USBD_LL_CloseEP         0x080016c3   0x2a  Code  Gb  usbd_conf.o [1]
USBD_LL_DataInStage     0x08001a8f   0xe4  Code  Gb  usbd_core.o [1]
USBD_LL_DataOutStage    0x080019ff   0x90  Code  Gb  usbd_core.o [1]
USBD_LL_GetRxDataSize   0x08001805   0x14  Code  Gb  usbd_conf.o [1]
USBD_LL_Init            0x080015dd   0x90  Code  Gb  usbd_conf.o [1]
USBD_LL_IsStallEP       0x08001741   0x2e  Code  Gb  usbd_conf.o [1]
USBD_LL_OpenEP          0x0800168b   0x38  Code  Gb  usbd_conf.o [1]
USBD_LL_PrepareReceive  0x080017cf   0x36  Code  Gb  usbd_conf.o [1]
USBD_LL_Reset           0x08001b73   0x46  Code  Gb  usbd_core.o [1]
USBD_LL_Resume          0x08001bd5    0xe  Code  Gb  usbd_core.o [1]
USBD_LL_SOF             0x08001be3   0x24  Code  Gb  usbd_core.o [1]
USBD_LL_SetSpeed        0x08001bb9    0x8  Code  Gb  usbd_core.o [1]
USBD_LL_SetUSBAddress   0x0800176f   0x2a  Code  Gb  usbd_conf.o [1]
USBD_LL_SetupStage      0x08001995   0x6a  Code  Gb  usbd_core.o [1]
USBD_LL_StallEP         0x080016ed   0x2a  Code  Gb  usbd_conf.o [1]
USBD_LL_Start           0x0800166d   0x1e  Code  Gb  usbd_conf.o [1]
USBD_LL_Suspend         0x08001bc1   0x14  Code  Gb  usbd_core.o [1]
USBD_LL_Transmit        0x08001799   0x36  Code  Gb  usbd_conf.o [1]
USBD_LangIDDesc         0x20000168    0x4  Data  Gb  usbd_desc.o [1]
USBD_ParseSetupRequest  0x08002429   0x28  Code  Gb  usbd_ctlreq.o [1]
USBD_RegisterClass      0x08001927   0x16  Code  Gb  usbd_core.o [1]
USBD_RunTestMode        0x0800194b    0x6  Code  Gb  usbd_core.o [1]
USBD_SetAddress         0x08002201   0x62  Code  Lc  usbd_ctlreq.o [1]
USBD_SetClassConfig     0x08001951   0x2c  Code  Gb  usbd_core.o [1]
USBD_SetConfig          0x08002263   0xda  Code  Lc  usbd_ctlreq.o [1]
USBD_SetConfig::cfgidx  0x20001573    0x1  Data  Lc  usbd_ctlreq.o [1]
USBD_SetFeature         0x080023c9   0x26  Code  Lc  usbd_ctlreq.o [1]
USBD_Start              0x0800193d    0xe  Code  Gb  usbd_core.o [1]
USBD_StdDevReq          0x08001e61   0x7c  Code  Gb  usbd_ctlreq.o [1]
USBD_StdEPReq           0x08001f2b  0x17e  Code  Gb  usbd_ctlreq.o [1]
USBD_StdItfReq          0x08001edd   0x4e  Code  Gb  usbd_ctlreq.o [1]
USBD_StrDesc            0x20001200  0x200  Data  Gb  usbd_desc.o [1]
USBD_StringSerial       0x2000016c   0x1c  Data  Gb  usbd_desc.o [1]
USBD_static_free        0x08001835    0x2  Code  Gb  usbd_conf.o [1]
USBD_static_malloc      0x08001819    0x6  Code  Gb  usbd_conf.o [1]
USBD_static_malloc::mem
                        0x20000fe0  0x220  Data  Lc  usbd_conf.o [1]
USB_ActivateEndpoint    0x08000155  0x342  Code  Gb  stm32f1xx_ll_usb.o [1]
USB_CoreInit            0x080000ed    0xa  Code  Gb  stm32f1xx_ll_usb.o [1]
USB_DeactivateEndpoint  0x08000497  0x1c6  Code  Gb  stm32f1xx_ll_usb.o [1]
USB_DevConnect          0x08000a61    0x6  Code  Gb  stm32f1xx_ll_usb.o [1]
USB_DevDisconnect       0x08000a67    0x6  Code  Gb  stm32f1xx_ll_usb.o [1]
USB_DevInit             0x08000129   0x2c  Code  Gb  stm32f1xx_ll_usb.o [1]
USB_DisableGlobalInt    0x0800010d   0x16  Code  Gb  stm32f1xx_ll_usb.o [1]
USB_EP0_OutStart        0x08000a77    0x6  Code  Gb  stm32f1xx_ll_usb.o [1]
USB_EPClearStall        0x080009b3   0x9a  Code  Gb  stm32f1xx_ll_usb.o [1]
USB_EPSetStall          0x0800093f   0x74  Code  Gb  stm32f1xx_ll_usb.o [1]
USB_EPStartXfer         0x0800065d  0x2e2  Code  Gb  stm32f1xx_ll_usb.o [1]
USB_EnableGlobalInt     0x080000f7   0x16  Code  Gb  stm32f1xx_ll_usb.o [1]
USB_HP_CAN1_TX_IRQHandler
                        0x080047b9    0xa  Code  Gb  stm32f1xx_it.o [1]
USB_LP_CAN1_RX0_IRQHandler
                        0x080047c3    0xa  Code  Gb  stm32f1xx_it.o [1]
USB_ReadInterrupts      0x08000a6d    0xa  Code  Gb  stm32f1xx_ll_usb.o [1]
USB_ReadPMA             0x08000ad1   0x38  Code  Gb  stm32f1xx_ll_usb.o [1]
USB_SetCurrentMode      0x08000123    0x6  Code  Gb  stm32f1xx_ll_usb.o [1]
USB_SetDevAddress       0x08000a4d   0x14  Code  Gb  stm32f1xx_ll_usb.o [1]
USB_WritePMA            0x08000a7d   0x54  Code  Gb  stm32f1xx_ll_usb.o [1]
UpdateInitPack          0x080036c7   0x70  Code  Gb  exchanger.o [1]
UpdateReportPack        0x08003737   0x76  Code  Gb  exchanger.o [1]
UsageFault_Handler      0x080047a5    0x2  Code  Gb  stm32f1xx_it.o [1]
UserRxBufferFS          0x200005ec  0x3e8  Data  Gb  usbd_cdc_if.o [1]
UserTxBufferFS          0x200009d4  0x3e8  Data  Gb  usbd_cdc_if.o [1]
__aeabi_memcpy4         0x08001869         Code  Gb  ABImemcpy.o [5]
__aeabi_memcpy8         0x08001869         Code  Gb  ABImemcpy.o [5]
__cmain                 0x0800483d         Code  Gb  cmain.o [5]
__exit                  0x08004871   0x14  Code  Gb  exit.o [6]
__iar_data_init3        0x080047f5   0x28  Code  Gb  data_init.o [5]
__iar_lz77_init_single3
                        0x08001483   0x7a  Code  Gb  lz77_init_single.o [5]
__iar_program_start     0x080048fd         Code  Gb  cstartup_M.o [5]
__iar_systems$$module {Abs}
                        0x00000001         Data  Gb  command line/config [2]
__iar_zero_init3        0x0800475d   0x40  Code  Gb  zero_init3.o [5]
__low_level_init        0x0800485b    0x4  Code  Gb  low_level_init.o [4]
__vector_table          0x08000000         Data  Gb  startup_stm32f103xb.o [1]
_call_main              0x08004849         Code  Gb  cmain.o [5]
_exit                   0x08004865         Code  Gb  cexit.o [5]
_main                   0x08004857         Code  Gb  cmain.o [5]
a                       0x20000000    0x4  Data  Gb  exchanger.o [1]
buffer                  0x200014c8   0x34  Data  Gb  cycle_queue.o [1]
c                       0x20000004    0x4  Data  Gb  exchanger.o [1]
counter                 0x20001564    0x4  Data  Gb  ps2_keyboard.o [1]
crc32_IEEE_802          0x08004055   0x28  Code  Gb  crc.o [1]
crc32_IEEE_802_step     0x0800407d   0x14  Code  Gb  crc.o [1]
exit                    0x0800485f    0x4  Code  Gb  exit.o [4]
g_u8InitBuffer          0x200014fc   0x24  Data  Gb  exchanger.o [1]
g_u8ReceiveBuffer       0x20001400   0x64  Data  Gb  exchanger.o [1]
g_u8ReportBuffer        0x20001534   0x10  Data  Gb  exchanger.o [1]
g_u8TransmitBuffer      0x20001464   0x64  Data  Gb  exchanger.o [1]
hUsbDeviceFS            0x20000dbc  0x224  Data  Gb  usb_device.o [1]
hcrc                    0x20001554    0x8  Data  Gb  main.o [1]
hpcd_USB_FS             0x2000018c  0x460  Data  Gb  usbd_conf.o [1]
isReceivePack           0x2000156e    0x1  Data  Gb  exchanger.o [1]
isUSBConnected          0x2000156f    0x1  Data  Gb  main.o [1]
m                       0x20000008    0x4  Data  Gb  exchanger.o [1]
main                    0x08001d9b   0x5c  Code  Gb  main.o [1]
masterCounter           0x2000156c    0x2  Data  Gb  exchanger.o [1]
ps2                     0x2000155c    0x8  Data  Lc  ps2_keyboard.o [1]
queue                   0x20001520   0x14  Data  Gb  cycle_queue.o [1]
receiver                0x20001544   0x10  Data  Gb  exchanger.o [1]
seed                    0x2000000c    0x4  Data  Gb  exchanger.o [1]
updateCommonKey         0x20000188    0x1  Data  Gb  main.o [1]
uwTick                  0x20001568    0x4  Data  Gb  stm32f1xx_hal.o [1]
uwTickFreq              0x20000189    0x1  Data  Gb  stm32f1xx_hal.o [1]
uwTickPrio              0x20000010    0x4  Data  Gb  stm32f1xx_hal.o [1]


[1] = G:\SVNRepositors\Прошивка - Ретранслятор сканкодов клавиатуры\Исходники\Debug\Obj
[2] = command line
[3] = STM32CryptographicV3.0.0_CM3_IAR_otnsc.a
[4] = dl7M_tlf.a
[5] = rt7M_tl.a
[6] = shb_l.a

  17 436 bytes of readonly  code memory
   1 651 bytes of readonly  data memory
   6 514 bytes of readwrite data memory

Errors: none
Warnings: 1
